// Jest Snapshot v1, https://goo.gl/fbAQLP

exports[`Mention Snapshot renders correctly 1`] = `
<div>
  React Mention
</div>
`;
